Archive member included to satisfy reference by file (symbol)

../../../../../CEENbot_Library\libcapi324v22x.a(CBOT_main.o)
                              C:/Program Files (x86)/Atmel/Studio/7.0/Packs/atmel/ATmega_DFP/1.2.150/gcc/dev/atmega324p/avr5/crtatmega324p.o (main)
../../../../../CEENbot_Library\libcapi324v22x.a(LCD_clear.o)
                              LightFollow.o (LCD_clear)
../../../../../CEENbot_Library\libcapi324v22x.a(LCD_open.o)
                              LightFollow.o (LCD_open)
../../../../../CEENbot_Library\libcapi324v22x.a(LCD_set_PGC_addr.o)
                              ../../../../../CEENbot_Library\libcapi324v22x.a(LCD_clear.o) (LCD_set_PGC_addr)
../../../../../CEENbot_Library\libcapi324v22x.a(LCD_set_backlight.o)
                              ../../../../../CEENbot_Library\libcapi324v22x.a(LCD_open.o) (LCD_set_backlight)
../../../../../CEENbot_Library\libcapi324v22x.a(LCD_set_next_PGC.o)
                              ../../../../../CEENbot_Library\libcapi324v22x.a(LCD_clear.o) (LCD_set_next_PGC)
../../../../../CEENbot_Library\libcapi324v22x.a(LCD_write.o)
                              ../../../../../CEENbot_Library\libcapi324v22x.a(LCD_clear.o) (LCD_write)
../../../../../CEENbot_Library\libcapi324v22x.a(__LCD_init.o)
                              ../../../../../CEENbot_Library\libcapi324v22x.a(LCD_open.o) (__LCD_init)
../../../../../CEENbot_Library\libcapi324v22x.a(LED_open.o)
                              LightFollow.o (LED_open)
../../../../../CEENbot_Library\libcapi324v22x.a(LED_tog_pattern.o)
                              LightFollow.o (LED_tog_pattern)
../../../../../CEENbot_Library\libcapi324v22x.a(__LED_init.o)
                              ../../../../../CEENbot_Library\libcapi324v22x.a(LED_open.o) (__LED_init)
../../../../../CEENbot_Library\libcapi324v22x.a(__LED_tog_pattern.o)
                              ../../../../../CEENbot_Library\libcapi324v22x.a(LED_tog_pattern.o) (__LED_tog_pattern)
../../../../../CEENbot_Library\libcapi324v22x.a(SPI_open.o)
                              ../../../../../CEENbot_Library\libcapi324v22x.a(LCD_open.o) (SPI_open)
../../../../../CEENbot_Library\libcapi324v22x.a(SPI_set_config_func.o)
                              ../../../../../CEENbot_Library\libcapi324v22x.a(SPI_open.o) (SPI_set_config_func)
../../../../../CEENbot_Library\libcapi324v22x.a(SPI_set_slave_addr.o)
                              ../../../../../CEENbot_Library\libcapi324v22x.a(LCD_set_backlight.o) (SPI_set_slave_addr)
../../../../../CEENbot_Library\libcapi324v22x.a(SPI_transmit.o)
                              ../../../../../CEENbot_Library\libcapi324v22x.a(LCD_set_backlight.o) (SPI_transmit)
../../../../../CEENbot_Library\libcapi324v22x.a(__SPI_init.o)
                              ../../../../../CEENbot_Library\libcapi324v22x.a(SPI_open.o) (__SPI_init)
../../../../../CEENbot_Library\libcapi324v22x.a(STEPPER_move.o)
                              LightFollow.o (STEPPER_move)
../../../../../CEENbot_Library\libcapi324v22x.a(STEPPER_open.o)
                              LightFollow.o (STEPPER_open)
../../../../../CEENbot_Library\libcapi324v22x.a(STEPPER_run.o)
                              ../../../../../CEENbot_Library\libcapi324v22x.a(STEPPER_move.o) (STEPPER_run)
../../../../../CEENbot_Library\libcapi324v22x.a(STEPPER_run2.o)
                              ../../../../../CEENbot_Library\libcapi324v22x.a(STEPPER_move.o) (STEPPER_run2)
../../../../../CEENbot_Library\libcapi324v22x.a(STEPPER_runn.o)
                              LightFollow.o (STEPPER_runn)
../../../../../CEENbot_Library\libcapi324v22x.a(STEPPER_set_accel.o)
                              ../../../../../CEENbot_Library\libcapi324v22x.a(STEPPER_move.o) (STEPPER_set_accel)
../../../../../CEENbot_Library\libcapi324v22x.a(STEPPER_set_accel2.o)
                              LightFollow.o (STEPPER_set_accel2)
../../../../../CEENbot_Library\libcapi324v22x.a(STEPPER_set_dir.o)
                              ../../../../../CEENbot_Library\libcapi324v22x.a(STEPPER_run.o) (STEPPER_set_dir)
../../../../../CEENbot_Library\libcapi324v22x.a(STEPPER_set_dir2.o)
                              ../../../../../CEENbot_Library\libcapi324v22x.a(STEPPER_run2.o) (STEPPER_set_dir2)
../../../../../CEENbot_Library\libcapi324v22x.a(STEPPER_set_mode.o)
                              ../../../../../CEENbot_Library\libcapi324v22x.a(STEPPER_run.o) (STEPPER_set_mode)
../../../../../CEENbot_Library\libcapi324v22x.a(STEPPER_set_speed.o)
                              ../../../../../CEENbot_Library\libcapi324v22x.a(STEPPER_run.o) (STEPPER_set_speed)
../../../../../CEENbot_Library\libcapi324v22x.a(STEPPER_set_speed2.o)
                              ../../../../../CEENbot_Library\libcapi324v22x.a(STEPPER_run2.o) (STEPPER_set_speed2)
../../../../../CEENbot_Library\libcapi324v22x.a(STEPPER_step.o)
                              ../../../../../CEENbot_Library\libcapi324v22x.a(STEPPER_move.o) (STEPPER_step)
[...]
Memory Configuration

Name             Origin             Length             Attributes
text             0x00000000         0x00020000         xr
data             0x00800060         0x0000ffa0         rw !x
eeprom           0x00810000         0x00010000         rw !x
fuse             0x00820000         0x00000003         rw !x
lock             0x00830000         0x00000400         rw !x
signature        0x00840000         0x00000400         rw !x
user_signatures  0x00850000         0x00000400         rw !x
*default*        0x00000000         0xffffffff

Linker script and memory map

Address of section .data set to 0x800100
LOAD C:/Program Files (x86)/Atmel/Studio/7.0/Packs/atmel/ATmega_DFP/1.2.150/gcc/dev/atmega324p/avr5/crtatmega324p.o
LOAD LightFollow.o
START GROUP
LOAD ../../../../../CEENbot_Library\libcapi324v22x.a
LOAD c:/program files (x86)/atmel/studio/7.0/toolchain/avr8/avr8-gnu-toolchain/bin/../lib/gcc/avr/5.4.0/../../../../avr/lib/avr5\libprintf_flt.a
LOAD c:/program files (x86)/atmel/studio/7.0/toolchain/avr8/avr8-gnu-toolchain/bin/../lib/gcc/avr/5.4.0/../../../../avr/lib/avr5\libm.a
END GROUP
START GROUP
LOAD c:/program files (x86)/atmel/studio/7.0/toolchain/avr8/avr8-gnu-toolchain/bin/../lib/gcc/avr/5.4.0/avr5\libgcc.a
LOAD c:/program files (x86)/atmel/studio/7.0/toolchain/avr8/avr8-gnu-toolchain/bin/../lib/gcc/avr/5.4.0/../../../../avr/lib/avr5\libm.a
LOAD c:/program files (x86)/atmel/studio/7.0/toolchain/avr8/avr8-gnu-toolchain/bin/../lib/gcc/avr/5.4.0/../../../../avr/lib/avr5\libc.a
LOAD C:/Program Files (x86)/Atmel/Studio/7.0/Packs/atmel/ATmega_DFP/1.2.150/gcc/dev/atmega324p/avr5\libatmega324p.a
END GROUP
                0x00020000                __TEXT_REGION_LENGTH__ = DEFINED (__TEXT_REGION_LENGTH__)?__TEXT_REGION_LENGTH__:0x20000
                0x0000ffa0                __DATA_REGION_LENGTH__ = DEFINED (__DATA_REGION_LENGTH__)?__DATA_REGION_LENGTH__:0xffa0
                0x00010000                __EEPROM_REGION_LENGTH__ = DEFINED (__EEPROM_REGION_LENGTH__)?__EEPROM_REGION_LENGTH__:0x10000
                [0x00000003]                __FUSE_REGION_LENGTH__ = DEFINED (__FUSE_REGION_LENGTH__)?__FUSE_REGION_LENGTH__:0x400
                0x00000400                __LOCK_REGION_LENGTH__ = DEFINED (__LOCK_REGION_LENGTH__)?__LOCK_REGION_LENGTH__:0x400
                0x00000400                __SIGNATURE_REGION_LENGTH__ = DEFINED (__SIGNATURE_REGION_LENGTH__)?__SIGNATURE_REGION_LENGTH__:0x400
                0x00000400                __USER_SIGNATURE_REGION_LENGTH__ = DEFINED (__USER_SIGNATURE_REGION_LENGTH__)?__USER_SIGNATURE_REGION_LENGTH__:0x400

.hash
 *(.hash)

.dynsym
 *(.dynsym)

.dynstr
 *(.dynstr)

.gnu.version
 *(.gnu.version)

.gnu.version_d
 *(.gnu.version_d)

.gnu.version_r
 *(.gnu.version_r)

.rel.init
 *(.rel.init)

.rela.init
 *(.rela.init)

.rel.text
 *(.rel.text)
 *(.rel.text.*)
 *(.rel.gnu.linkonce.t*)

.rela.text
 *(.rela.text)
 *(.rela.text.*)
 *(.rela.gnu.linkonce.t*)

.rel.fini
 *(.rel.fini)

.rela.fini
 *(.rela.fini)

.rel.rodata
 *(.rel.rodata)
 *(.rel.rodata.*)
 *(.rel.gnu.linkonce.r*)

.rela.rodata
 *(.rela.rodata)
 *(.rela.rodata.*)
 *(.rela.gnu.linkonce.r*)

.rel.data
 *(.rel.data)
 *(.rel.data.*)
 *(.rel.gnu.linkonce.d*)

.rela.data
 *(.rela.data)
 *(.rela.data.*)
 *(.rela.gnu.linkonce.d*)

.rel.ctors
 *(.rel.ctors)

.rela.ctors
 *(.rela.ctors)

.rel.dtors
 *(.rel.dtors)

.rela.dtors
 *(.rela.dtors)

.rel.got
 *(.rel.got)

.rela.got
 *(.rela.got)

.rel.bss
 *(.rel.bss)

.rela.bss
 *(.rela.bss)

.rel.plt
 *(.rel.plt)

.rela.plt
 *(.rela.plt)

.text           0x00000000     0x443a
 *(.vectors)
 .vectors       0x00000000       0x7c C:/Program Files (x86)/Atmel/Studio/7.0/Packs/atmel/ATmega_DFP/1.2.150/gcc/dev/atmega324p/avr5/crtatmega324p.o
                0x00000000                __vector_default
                0x00000000                __vectors
 *(.vectors)
 *(.progmem.gcc*)
 .progmem.gcc_fplib
                0x0000007c       0x28 c:/program files (x86)/atmel/studio/7.0/toolchain/avr8/avr8-gnu-toolchain/bin/../lib/gcc/avr/5.4.0/../../../../avr/lib/avr5\libm.a(exp.o)
 .progmem.gcc_fplib
                0x000000a4       0x5a c:/program files (x86)/atmel/studio/7.0/toolchain/avr8/avr8-gnu-toolchain/bin/../lib/gcc/avr/5.4.0/../../../../avr/lib/avr5\libm.a(log.o)
                0x000000fe                . = ALIGN (0x2)
                0x000000fe                __trampolines_start = .
 *(.trampolines)
 .trampolines   0x000000fe        0x0 linker stubs
 *(.trampolines*)
                0x000000fe                __trampolines_end = .
 *libprintf_flt.a:*(.progmem.data)
 .progmem.data  0x000000fe        0x8 c:/program files (x86)/atmel/studio/7.0/toolchain/avr8/avr8-gnu-toolchain/bin/../lib/gcc/avr/5.4.0/../../../../avr/lib/avr5\libprintf_flt.a(vfprintf_flt.o)
 *libc.a:*(.progmem.data)
 .progmem.data  0x00000106       0xfa c:/program files (x86)/atmel/studio/7.0/toolchain/avr8/avr8-gnu-toolchain/bin/../lib/gcc/avr/5.4.0/../../../../avr/lib/avr5\libc.a(ftoa_engine.o)
 *(.progmem*)
 .progmem.data  0x00000200      0x415 ../../../../../CEENbot_Library\libcapi324v22x.a(LCD_globals.o)
                0x00000200                char_bitmap
                0x00000415                CEENBoT_Inc_logo_bitmap
                0x00000616                . = ALIGN (0x2)
 *fill*         0x00000615        0x1 
 *(.jumptables)
 *(.jumptables*)
 *(.lowtext)
 *(.lowtext*)
                0x00000616                __ctors_start = .
 *(.ctors)
                0x00000616                __ctors_end = .
                0x00000616                __dtors_start = .
 *(.dtors)
                0x00000616                __dtors_end = .
 SORT(*)(.ctors)
 SORT(*)(.dtors)
 *(.init0)
 .init0         0x00000616        0x0 C:/Program Files (x86)/Atmel/Studio/7.0/Packs/atmel/ATmega_DFP/1.2.150/gcc/dev/atmega324p/avr5/crtatmega324p.o
                0x00000616                __init
 *(.init0)
 *(.init1)
 *(.init1)
 *(.init2)
 .init2         0x00000616        0xc C:/Program Files (x86)/Atmel/Studio/7.0/Packs/atmel/ATmega_DFP/1.2.150/gcc/dev/atmega324p/avr5/crtatmega324p.o
 *(.init2)
 *(.init3)
 *(.init3)
 *(.init4)
 .init4         0x00000622       0x16 c:/program files (x86)/atmel/studio/7.0/toolchain/avr8/avr8-gnu-toolchain/bin/../lib/gcc/avr/5.4.0/avr5\libgcc.a(_copy_data.o)
                0x00000622                __do_copy_data
 .init4         0x00000638       0x10 c:/program files (x86)/atmel/studio/7.0/toolchain/avr8/avr8-gnu-toolchain/bin/../lib/gcc/avr/5.4.0/avr5\libgcc.a(_clear_bss.o)
                0x00000638                __do_clear_bss
 *(.init4)
 *(.init5)
 *(.init5)
 *(.init6)
 *(.init6)
 *(.init7)
 *(.init7)
 *(.init8)
 *(.init8)
 *(.init9)
 .init9         0x00000648        0x8 C:/Program Files (x86)/Atmel/Studio/7.0/Packs/atmel/ATmega_DFP/1.2.150/gcc/dev/atmega324p/avr5/crtatmega324p.o
 *(.init9)
 *(.text)
 .text          0x00000650        0x4 C:/Program Files (x86)/Atmel/Studio/7.0/Packs/atmel/ATmega_DFP/1.2.150/gcc/dev/atmega324p/avr5/crtatmega324p.o
                0x00000650                __vector_22
                0x00000650                __vector_28
                0x00000650                __vector_1
                0x00000650                __vector_24
                0x00000650                __bad_interrupt
                0x00000650                __vector_3
                0x00000650                __vector_23
                0x00000650                __vector_30
                0x00000650                __vector_25
                0x00000650                __vector_19
                0x00000650                __vector_27
                0x00000650                __vector_2
                0x00000650                __vector_21
                0x00000650                __vector_29
                0x00000650                __vector_8
                0x00000650                __vector_26
                0x00000650                __vector_20
 .text          0x00000654       0x12 ../../../../../CEENbot_Library\libcapi324v22x.a(CBOT_main.o)
                0x00000654                main
 .text          0x00000666       0x44 ../../../../../CEENbot_Library\libcapi324v22x.a(LCD_clear.o)
                0x00000666                LCD_clear
 .text          0x000006aa      0x10c ../../../../../CEENbot_Library\libcapi324v22x.a(LCD_open.o)
                0x000006aa                LCD_open
 .text          0x000007b6       0x44 ../../../../../CEENbot_Library\libcapi324v22x.a(LCD_set_PGC_addr.o)
                0x000007b6                LCD_set_PGC_addr
 .text          0x000007fa       0x42 ../../../../../CEENbot_Library\libcapi324v22x.a(LCD_set_backlight.o)
                0x000007fa                LCD_set_backlight
 .text          0x0000083c       0x24 ../../../../../CEENbot_Library\libcapi324v22x.a(LCD_set_next_PGC.o)
                0x0000083c                LCD_set_next_PGC
 .text          0x00000860       0x36 ../../../../../CEENbot_Library\libcapi324v22x.a(LCD_write.o)
                0x00000860                LCD_write
 .text          0x00000896        0x4 ../../../../../CEENbot_Library\libcapi324v22x.a(__LCD_init.o)
                0x00000896                __LCD_init
 .text          0x0000089a       0x16 ../../../../../CEENbot_Library\libcapi324v22x.a(LED_open.o)
                0x0000089a                LED_open
 .text          0x000008b0       0x18 ../../../../../CEENbot_Library\libcapi324v22x.a(LED_tog_pattern.o)
                0x000008b0                LED_tog_pattern
 .text          0x000008c8       0x12 ../../../../../CEENbot_Library\libcapi324v22x.a(__LED_init.o)
                0x000008c8                __LED_init
 .text          0x000008da       0x1c ../../../../../CEENbot_Library\libcapi324v22x.a(__LED_tog_pattern.o)
                0x000008da                __LED_tog_pattern
 .text          0x000008f6       0x72 ../../../../../CEENbot_Library\libcapi324v22x.a(SPI_open.o)
                0x000008f6                SPI_open
 .text          0x00000968       0x12 ../../../../../CEENbot_Library\libcapi324v22x.a(SPI_set_config_func.o)
                0x00000968                SPI_set_config_func
 .text          0x0000097a       0xa2 ../../../../../CEENbot_Library\libcapi324v22x.a(SPI_set_slave_addr.o)
                0x0000097a                SPI_set_slave_addr
 .text          0x00000a1c       0x1e ../../../../../CEENbot_Library\libcapi324v22x.a(SPI_transmit.o)
                0x00000a1c                SPI_transmit
 .text          0x00000a3a        0xe ../../../../../CEENbot_Library\libcapi324v22x.a(__SPI_init.o)
                0x00000a3a                __SPI_init
 .text          0x00000a48      0x28e ../../../../../CEENbot_Library\libcapi324v22x.a(STEPPER_move.o)
                0x00000ba4                STEPPER_move
 .text          0x00000cd6       0xea ../../../../../CEENbot_Library\libcapi324v22x.a(STEPPER_open.o)
                0x00000cd6                STEPPER_open
 .text          0x00000dc0       0x2e ../../../../../CEENbot_Library\libcapi324v22x.a(STEPPER_run.o)
                0x00000dc0                STEPPER_run
 .text          0x00000dee       0x3a ../../../../../CEENbot_Library\libcapi324v22x.a(STEPPER_run2.o)
                0x00000dee                STEPPER_run2
 .text          0x00000e28       0x82 ../../../../../CEENbot_Library\libcapi324v22x.a(STEPPER_runn.o)
                0x00000e28                STEPPER_runn
 .text          0x00000eaa       0x44 ../../../../../CEENbot_Library\libcapi324v22x.a(STEPPER_set_accel.o)
                0x00000eaa                STEPPER_set_accel
 .text          0x00000eee       0x3c ../../../../../CEENbot_Library\libcapi324v22x.a(STEPPER_set_accel2.o)
                0x00000eee                STEPPER_set_accel2
 .text          0x00000f2a       0x2a ../../../../../CEENbot_Library\libcapi324v22x.a(STEPPER_set_dir.o)
                0x00000f2a                STEPPER_set_dir
 .text          0x00000f54       0x14 ../../../../../CEENbot_Library\libcapi324v22x.a(STEPPER_set_dir2.o)
                0x00000f54                STEPPER_set_dir2
 .text          0x00000f68       0x2a ../../../../../CEENbot_Library\libcapi324v22x.a(STEPPER_set_mode.o)
                0x00000f68                STEPPER_set_mode
 .text          0x00000f92       0x5a ../../../../../CEENbot_Library\libcapi324v22x.a(STEPPER_set_speed.o)
                0x00000f92                STEPPER_set_speed
 .text          0x00000fec       0x3e ../../../../../CEENbot_Library\libcapi324v22x.a(STEPPER_set_speed2.o)
                0x00000fec                STEPPER_set_speed2
 .text          0x0000102a      0x126 ../../../../../CEENbot_Library\libcapi324v22x.a(STEPPER_step.o)
                0x0000102a                STEPPER_step
 .text          0x00001150      0x10a ../../../../../CEENbot_Library\libcapi324v22x.a(STEPPER_step2.o)
                0x00001150                STEPPER_step2
 .text          0x0000125a       0x4a ../../../../../CEENbot_Library\libcapi324v22x.a(STEPPER_stop.o)
                0x0000125a                STEPPER_stop
 .text          0x000012a4       0xa6 ../../../../../CEENbot_Library\libcapi324v22x.a(STEPPER_wait_and_then.o)
                0x000012a4                STEPPER_wait_and_then
 .text          0x0000134a       0x14 ../../../../../CEENbot_Library\libcapi324v22x.a(__STEPPER_init.o)
                0x0000134a                __STEPPER_init
 .text          0x0000135e       0x20 ../../../../../CEENbot_Library\libcapi324v22x.a(SYS_decrement_refcount.o)
                0x0000135e                SYS_decrement_refcount
 .text          0x0000137e       0x1a ../../../../../CEENbot_Library\libcapi324v22x.a(SYS_increment_refcount.o)
                0x0000137e                SYS_increment_refcount
 .text          0x00001398       0x18 ../../../../../CEENbot_Library\libcapi324v22x.a(SYS_isOpen.o)
                0x00001398                SYS_isOpen
 .text          0x000013b0       0x6a ../../../../../CEENbot_Library\libcapi324v22x.a(ATTINY_get_IR_state.o)
                0x000013b0                ATTINY_get_IR_state
 .text          0x0000141a       0x62 ../../../../../CEENbot_Library\libcapi324v22x.a(ATTINY_get_sensors.o)
                0x0000141a                ATTINY_get_sensors
 .text          0x0000147c       0x48 ../../../../../CEENbot_Library\libcapi324v22x.a(ATTINY_open.o)
                0x0000147c                ATTINY_open
 .text          0x000014c4       0x82 ../../../../../CEENbot_Library\libcapi324v22x.a(__ATTINY_initialize_params.o)
                0x000014c4                __ATTINY_initialize_params
 .text          0x00001546       0x5a ../../../../../CEENbot_Library\libcapi324v22x.a(TMRSRVC_delay.o)
                0x00001546                TMRSRVC_delay
 .text          0x000015a0       0x7c ../../../../../CEENbot_Library\libcapi324v22x.a(TMRSRVC_new.o)
                0x000015a0                TMRSRVC_new
 .text          0x0000161c       0xd2 ../../../../../CEENbot_Library\libcapi324v22x.a(__TMRSRVC_insert.o)
                0x0000161c                TMRSRVC_insert
 .text          0x000016ee       0x1c ../../../../../CEENbot_Library\libcapi324v22x.a(CBOT_init.o)
                0x000016ee                CBOT_init
 .text          0x0000170a      0x480 ../../../../../CEENbot_Library\libcapi324v22x.a(CBOT_isr.o)
                0x0000170a                CBOT_ISR_init
                0x0000170e                __vector_16
                0x00001760                __vector_17
                0x000017b2                __vector_18
                0x00001804                __vector_9
                0x00001856                __vector_10
                0x000018a8                __vector_11
                0x000018fa                __vector_13
                0x0000194c                __vector_14
                0x0000199e                __vector_12
                0x000019f0                __vector_15
                0x00001a42                __vector_4
                0x00001a94                __vector_5
                0x00001ae6                __vector_6
                0x00001b38                __vector_7
 .text          0x00001b8a       0x22 ../../../../../CEENbot_Library\libcapi324v22x.a(ISR_open.o)
                0x00001b8a                ISR_open
 .text          0x00001bac      0x15a ../../../../../CEENbot_Library\libcapi324v22x.a(__LCD_putchar.o)
                0x00001bac                __LCD_putchar
 .text          0x00001d06       0x18 ../../../../../CEENbot_Library\libcapi324v22x.a(LED_clr_pattern.o)
                0x00001d06                LED_clr_pattern
 .text          0x00001d1e        0xa ../../../../../CEENbot_Library\libcapi324v22x.a(__LED_clr_pattern.o)
                0x00001d1e                __LED_clr_pattern
 .text          0x00001d28       0x10 ../../../../../CEENbot_Library\libcapi324v22x.a(ATMEGA_open.o)
                0x00001d28                ATMEGA_open
 .text          0x00001d38       0xa6 ../../../../../CEENbot_Library\libcapi324v22x.a(ATMEGA_set_clk_mode.o)
                0x00001d38                ATMEGA_set_clk_mode
 .text          0x00001dde        0x6 ../../../../../CEENbot_Library\libcapi324v22x.a(__ATMEGA_init.o)
                0x00001dde                __ATMEGA_init
 .text          0x00001de4       0x52 ../../../../../CEENbot_Library\libcapi324v22x.a(SPI_cfgrs.o)
                0x00001de4                SPI_default_config
                0x00001df4                SPI_ATtiny0_config
                0x00001e04                SPI_PSXC_config
                0x00001e14                SPI_LCD_config
                0x00001e24                SPI_FLASH_config
 .text          0x00001e36       0x20 ../../../../../CEENbot_Library\libcapi324v22x.a(SPI_receive.o)
                0x00001e36                SPI_receive
 .text          0x00001e56       0x64 ../../../../../CEENbot_Library\libcapi324v22x.a(SPKR_close.o)
                0x00001e56                __SPKR_close_beep_mode
                0x00001e6c                __SPKR_close_tone_mode
                0x00001ea6                SPKR_close
 .text          0x00001eba      0x136 ../../../../../CEENbot_Library\libcapi324v22x.a(SPKR_open.o)
                0x00001eba                __SPKR_set_up_freq_LUT
                0x00001f58                __SPKR_open_beep_mode
                0x00001f7c                __SPKR_open_tone_mode
                0x00001fd8                SPKR_open
 .text          0x00001ff0       0xac ../../../../../CEENbot_Library\libcapi324v22x.a(SPKR_play_beep.o)
                0x00001ff0                SPKR_play_beep
 .text          0x0000209c       0x38 ../../../../../CEENbot_Library\libcapi324v22x.a(__SPKR_close.o)
                0x0000209c                __SPKR_close
 .text          0x000020d4       0x54 ../../../../../CEENbot_Library\libcapi324v22x.a(__SPKR_init.o)
                0x000020d4                __SPKR_init
 .text          0x00002128        0xc ../../../../../CEENbot_Library\libcapi324v22x.a(__SPKR_stop.o)
                0x00002128                __SPKR_stop
 .text          0x00002134       0x2a ../../../../../CEENbot_Library\libcapi324v22x.a(STEPPER_go.o)
                0x00002134                STEPPER_go
 .text          0x0000215e       0x36 ../../../../../CEENbot_Library\libcapi324v22x.a(STEPPER_set_steps.o)
                0x0000215e                STEPPER_set_steps
 .text          0x00002194       0x1a ../../../../../CEENbot_Library\libcapi324v22x.a(STEPPER_set_steps2.o)
                0x00002194                STEPPER_set_steps2
 .text          0x000021ae       0x2a ../../../../../CEENbot_Library\libcapi324v22x.a(STEPPER_set_stop_mode.o)
                0x000021ae                STEPPER_set_stop_mode
 .text          0x000021d8       0x7a ../../../../../CEENbot_Library\libcapi324v22x.a(STEPPER_setup_decels.o)
                0x000021d8                STEPPER_setup_decels
 .text          0x00002252       0x1e ../../../../../CEENbot_Library\libcapi324v22x.a(SYS_init.o)
                0x00002252                SYS_init
 .text          0x00002270       0x10 ../../../../../CEENbot_Library\libcapi324v22x.a(SYS_set_refcount.o)
                0x00002270                SYS_set_refcount
 .text          0x00002280       0x7a ../../../../../CEENbot_Library\libcapi324v22x.a(ATTINY_get_firm_rev.o)
                0x00002280                ATTINY_get_firm_rev
 .text          0x000022fa       0x38 ../../../../../CEENbot_Library\libcapi324v22x.a(TMRSRVC_open.o)
                0x000022fa                TMRSRVC_open
 .text          0x00002332        0x8 ../../../../../CEENbot_Library\libcapi324v22x.a(TMRSRVC_start.o)
                0x00002332                TMRSRVC_start
 .text          0x0000233a       0x12 ../../../../../CEENbot_Library\libcapi324v22x.a(__TMRSRVC_init.o)
                0x0000233a                __TMRSRVC_init
 .text          0x0000234c        0xc ../../../../../CEENbot_Library\libcapi324v22x.a(__TMRSRVC_start.o)
                0x0000234c                __TMRSRVC_start
 .text          0x00002358       0x28 ../../../../../CEENbot_Library\libcapi324v22x.a(ISR_attach.o)
                0x00002358                ISR_attach
 .text          0x00002380       0x22 ../../../../../CEENbot_Library\libcapi324v22x.a(__ISR_attach.o)
                0x00002380                __ISR_attach
 .text          0x000023a2        0x6 ../../../../../CEENbot_Library\libcapi324v22x.a(ISR__SPKR__TIMER1_COMPA_vect.o)
                0x000023a2                __SPKR_TIMER1_COMPA_vect
 .text          0x000023a8       0x48 ../../../../../CEENbot_Library\libcapi324v22x.a(SPKR_beep.o)
                0x000023a8                SPKR_beep
 .text          0x000023f0       0x82 ../../../../../CEENbot_Library\libcapi324v22x.a(SPKR_clk.o)
                0x000023f0                SPKR_clk
 .text          0x00002472       0xda ../../../../../CEENbot_Library\libcapi324v22x.a(STEPPER_set_decel_step_values.o)
                0x00002472                STEPPER_set_decel_step_values
 .text          0x0000254c        0xe ../../../../../CEENbot_Library\libcapi324v22x.a(ISR__TIMER0_COMPA_vect.o)
                0x0000254c                __TIMER0_COMPA_vect
 .text          0x0000255a       0x32 ../../../../../CEENbot_Library\libcapi324v22x.a(TMRSRVC_tick.o)
                0x0000255a                TMRSRVC_tick
 .text          0x0000258c       0x4e ../../../../../CEENbot_Library\libcapi324v22x.a(SPKR_beep_clk.o)
                0x0000258c                SPKR_beep_clk
 .text          0x000025da      0x162 ../../../../../CEENbot_Library\libcapi324v22x.a(STEPPER_clk.o)
                0x000025da                STEPPER_clk
 .text          0x0000273c       0x8a ../../../../../CEENbot_Library\libcapi324v22x.a(STEPPER_process_accel.o)
                0x0000273c                STEPPER_process_accel
 .text          0x000027c6      0x206 ../../../../../CEENbot_Library\libcapi324v22x.a(STEPPER_process_run_mode.o)
                0x000027c6                STEPPER_process_run_mode
 .text          0x000029cc       0xa8 ../../../../../CEENbot_Library\libcapi324v22x.a(STEPPER_process_step_mode.o)
                0x000029cc                STEPPER_process_step_mode
 .text          0x00002a74       0xd6 ../../../../../CEENbot_Library\libcapi324v22x.a(TMRSRVC_process.o)
                0x00002a74                TMRSRVC_process
 .text          0x00002b4a        0x6 ../../../../../CEENbot_Library\libcapi324v22x.a(TMRSRVC_stop.o)
                0x00002b4a                TMRSRVC_stop
 .text          0x00002b50      0x130 ../../../../../CEENbot_Library\libcapi324v22x.a(STEPPER_process_pwm.o)
                0x00002b50                STEPPER_process_pwm
                0x00002c80                . = ALIGN (0x2)
 *(.text.*)
 .text.info_display
                0x00002c80       0x48 LightFollow.o
                0x00002c80                info_display
 .text.compare_actions
                0x00002cc8       0x6a LightFollow.o
                0x00002cc8                compare_actions
 .text.IR_sense
                0x00002d32       0x4c LightFollow.o
                0x00002d32                IR_sense
 .text.explore  0x00002d7e       0x20 LightFollow.o
                0x00002d7e                explore
 .text.IR_avoid
                0x00002d9e       0xfa LightFollow.o
                0x00002d9e                IR_avoid
 .text.act      0x00002e98       0x40 LightFollow.o
                0x00002e98                act
 .text.CBOT_main
                0x00002ed8       0x74 LightFollow.o
                0x00002ed8                CBOT_main
 .text.avr-libc
                0x00002f4c      0x6fa c:/program files (x86)/atmel/studio/7.0/toolchain/avr8/avr8-gnu-toolchain/bin/../lib/gcc/avr/5.4.0/../../../../avr/lib/avr5\libprintf_flt.a(vfprintf_flt.o)
                0x00002f4c                vfprintf
 .text.avr-libc.fplib
                0x00003646        0x8 c:/program files (x86)/atmel/studio/7.0/toolchain/avr8/avr8-gnu-toolchain/bin/../lib/gcc/avr/5.4.0/../../../../avr/lib/avr5\libm.a(divsf3.o)
                0x00003646                __divsf3
 .text.avr-libc.fplib
                0x0000364e       0xdc c:/program files (x86)/atmel/studio/7.0/toolchain/avr8/avr8-gnu-toolchain/bin/../lib/gcc/avr/5.4.0/../../../../avr/lib/avr5\libm.a(divsf3x.o)
                0x0000366e                __divsf3x
                0x00003674                __divsf3_pse
 .text.avr-libc.fplib
                0x0000372a       0x7a c:/program files (x86)/atmel/studio/7.0/toolchain/avr8/avr8-gnu-toolchain/bin/../lib/gcc/avr/5.4.0/../../../../avr/lib/avr5\libm.a(floatsisf.o)
                0x0000372a                __floatunsisf
                0x0000372e                __floatsisf
 .text.avr-libc.fplib
                0x000037a4        0xc c:/program files (x86)/atmel/studio/7.0/toolchain/avr8/avr8-gnu-toolchain/bin/../lib/gcc/avr/5.4.0/../../../../avr/lib/avr5\libm.a(fp_inf.o)
                0x000037a4                __fp_inf
 .text.avr-libc.fplib
                0x000037b0        0x6 c:/program files (x86)/atmel/studio/7.0/toolchain/avr8/avr8-gnu-toolchain/bin/../lib/gcc/avr/5.4.0/../../../../avr/lib/avr5\libm.a(fp_nan.o)
                0x000037b0                __fp_nan
 .text.avr-libc.fplib
                0x000037b6        0xe c:/program files (x86)/atmel/studio/7.0/toolchain/avr8/avr8-gnu-toolchain/bin/../lib/gcc/avr/5.4.0/../../../../avr/lib/avr5\libm.a(fp_pscA.o)
                0x000037b6                __fp_pscA
 .text.avr-libc.fplib
                0x000037c4        0xe c:/program files (x86)/atmel/studio/7.0/toolchain/avr8/avr8-gnu-toolchain/bin/../lib/gcc/avr/5.4.0/../../../../avr/lib/avr5\libm.a(fp_pscB.o)
                0x000037c4                __fp_pscB
 .text.avr-libc.fplib
                0x000037d2       0x22 c:/program files (x86)/atmel/studio/7.0/toolchain/avr8/avr8-gnu-toolchain/bin/../lib/gcc/avr/5.4.0/../../../../avr/lib/avr5\libm.a(fp_round.o)
                0x000037d2                __fp_round
 .text.avr-libc.fplib
                0x000037f4       0x44 c:/program files (x86)/atmel/studio/7.0/toolchain/avr8/avr8-gnu-toolchain/bin/../lib/gcc/avr/5.4.0/../../../../avr/lib/avr5\libm.a(fp_split3.o)
                0x000037f4                __fp_split3
                0x00003804                __fp_splitA
 .text.avr-libc.fplib
                0x00003838        0xe c:/program files (x86)/atmel/studio/7.0/toolchain/avr8/avr8-gnu-toolchain/bin/../lib/gcc/avr/5.4.0/../../../../avr/lib/avr5\libm.a(fp_zero.o)
                0x00003838                __fp_zero
                0x0000383a                __fp_szero
 .text.avr-libc.fplib
                0x00003846       0x7a c:/program files (x86)/atmel/studio/7.0/toolchain/avr8/avr8-gnu-toolchain/bin/../lib/gcc/avr/5.4.0/../../../../avr/lib/avr5\libm.a(lrint.o)
                0x00003846                lrint
 .text.avr-libc.fplib
                0x000038c0        0x8 c:/program files (x86)/atmel/studio/7.0/toolchain/avr8/avr8-gnu-toolchain/bin/../lib/gcc/avr/5.4.0/../../../../avr/lib/avr5\libm.a(mulsf3.o)
                0x000038c0                __mulsf3
 .text.avr-libc.fplib
                0x000038c8       0xd2 c:/program files (x86)/atmel/studio/7.0/toolchain/avr8/avr8-gnu-toolchain/bin/../lib/gcc/avr/5.4.0/../../../../avr/lib/avr5\libm.a(mulsf3x.o)
                0x000038e6                __mulsf3x
                0x000038ec                __mulsf3_pse
 .text.avr-libc.fplib
                0x0000399a       0xa0 c:/program files (x86)/atmel/studio/7.0/toolchain/avr8/avr8-gnu-toolchain/bin/../lib/gcc/avr/5.4.0/../../../../avr/lib/avr5\libm.a(pow.o)
                0x0000399a                pow
 .text.avr-libc.fplib
                0x00003a3a       0x74 c:/program files (x86)/atmel/studio/7.0/toolchain/avr8/avr8-gnu-toolchain/bin/../lib/gcc/avr/5.4.0/../../../../avr/lib/avr5\libm.a(exp.o)
                0x00003a4a                exp
 .text.avr-libc.fplib
                0x00003aae       0x4e c:/program files (x86)/atmel/studio/7.0/toolchain/avr8/avr8-gnu-toolchain/bin/../lib/gcc/avr/5.4.0/../../../../avr/lib/avr5\libm.a(fp_powser.o)
                0x00003aae                __fp_powser
 .text.avr-libc.fplib
                0x00003afc       0x10 c:/program files (x86)/atmel/studio/7.0/toolchain/avr8/avr8-gnu-toolchain/bin/../lib/gcc/avr/5.4.0/../../../../avr/lib/avr5\libm.a(inverse.o)
                0x00003afc                inverse
 .text.avr-libc.fplib
                0x00003b0c       0x74 c:/program files (x86)/atmel/studio/7.0/toolchain/avr8/avr8-gnu-toolchain/bin/../lib/gcc/avr/5.4.0/../../../../avr/lib/avr5\libm.a(ldexp.o)
                0x00003b14                ldexp
 .text.avr-libc.fplib
                0x00003b80       0xa0 c:/program files (x86)/atmel/studio/7.0/toolchain/avr8/avr8-gnu-toolchain/bin/../lib/gcc/avr/5.4.0/../../../../avr/lib/avr5\libm.a(log.o)
                0x00003b90                log
 .text.avr-libc.fplib
                0x00003c20       0x68 c:/program files (x86)/atmel/studio/7.0/toolchain/avr8/avr8-gnu-toolchain/bin/../lib/gcc/avr/5.4.0/../../../../avr/lib/avr5\libm.a(modf.o)
                0x00003c20                modf
                0x00003c20                modff
 .text.avr-libc.fplib
                0x00003c88        0xe c:/program files (x86)/atmel/studio/7.0/toolchain/avr8/avr8-gnu-toolchain/bin/../lib/gcc/avr/5.4.0/../../../../avr/lib/avr5\libm.a(addsf3.o)
                0x00003c88                __subsf3
                0x00003c8a                __addsf3
 .text.avr-libc.fplib
                0x00003c96       0xcc c:/program files (x86)/atmel/studio/7.0/toolchain/avr8/avr8-gnu-toolchain/bin/../lib/gcc/avr/5.4.0/../../../../avr/lib/avr5\libm.a(addsf3x.o)
                0x00003cb8                __addsf3x
 .text.avr-libc.fplib
                0x00003d62       0x1c c:/program files (x86)/atmel/studio/7.0/toolchain/avr8/avr8-gnu-toolchain/bin/../lib/gcc/avr/5.4.0/../../../../avr/lib/avr5\libm.a(fp_mpack.o)
                0x00003d62                __fp_mpack
                0x00003d66                __fp_mpack_finite
 .text.libgcc.mul
                0x00003d7e       0x20 c:/program files (x86)/atmel/studio/7.0/toolchain/avr8/avr8-gnu-toolchain/bin/../lib/gcc/avr/5.4.0/avr5\libgcc.a(_mulsi3.o)
                0x00003d7e                __mulsi3
 .text.libgcc.div
                0x00003d9e       0x44 c:/program files (x86)/atmel/studio/7.0/toolchain/avr8/avr8-gnu-toolchain/bin/../lib/gcc/avr/5.4.0/avr5\libgcc.a(_udivmodsi4.o)
                0x00003d9e                __udivmodsi4
 .text.libgcc.mul
                0x00003de2       0x16 c:/program files (x86)/atmel/studio/7.0/toolchain/avr8/avr8-gnu-toolchain/bin/../lib/gcc/avr/5.4.0/avr5\libgcc.a(_muluhisi3.o)
                0x00003de2                __muluhisi3
 .text.libgcc.prologue
                0x00003df8       0x38 c:/program files (x86)/atmel/studio/7.0/toolchain/avr8/avr8-gnu-toolchain/bin/../lib/gcc/avr/5.4.0/avr5\libgcc.a(_prologue.o)
                0x00003df8                __prologue_saves__
 .text.libgcc.prologue
                0x00003e30       0x36 c:/program files (x86)/atmel/studio/7.0/toolchain/avr8/avr8-gnu-toolchain/bin/../lib/gcc/avr/5.4.0/avr5\libgcc.a(_epilogue.o)
                0x00003e30                __epilogue_restores__
 .text.libgcc.mul
                0x00003e66       0x1e c:/program files (x86)/atmel/studio/7.0/toolchain/avr8/avr8-gnu-toolchain/bin/../lib/gcc/avr/5.4.0/avr5\libgcc.a(_umulhisi3.o)
                0x00003e66                __umulhisi3
 .text.avr-libc
                0x00003e84      0x242 c:/program files (x86)/atmel/studio/7.0/toolchain/avr8/avr8-gnu-toolchain/bin/../lib/gcc/avr/5.4.0/../../../../avr/lib/avr5\libc.a(malloc.o)
                0x00003e84                malloc
                0x00003fb4                free
 .text.avr-libc
                0x000040c6      0x1b0 c:/program files (x86)/atmel/studio/7.0/toolchain/avr8/avr8-gnu-toolchain/bin/../lib/gcc/avr/5.4.0/../../../../avr/lib/avr5\libc.a(ftoa_engine.o)
                0x000040c6                __ftoa_engine
 .text.avr-libc
                0x00004276       0x16 c:/program files (x86)/atmel/studio/7.0/toolchain/avr8/avr8-gnu-toolchain/bin/../lib/gcc/avr/5.4.0/../../../../avr/lib/avr5\libc.a(strnlen_P.o)
                0x00004276                strnlen_P
 .text.avr-libc
                0x0000428c       0x16 c:/program files (x86)/atmel/studio/7.0/toolchain/avr8/avr8-gnu-toolchain/bin/../lib/gcc/avr/5.4.0/../../../../avr/lib/avr5\libc.a(strnlen.o)
                0x0000428c                strnlen
 .text.avr-libc
                0x000042a2       0x78 c:/program files (x86)/atmel/studio/7.0/toolchain/avr8/avr8-gnu-toolchain/bin/../lib/gcc/avr/5.4.0/../../../../avr/lib/avr5\libc.a(fputc.o)
                0x000042a2                fputc
 .text.avr-libc
                0x0000431a       0x60 c:/program files (x86)/atmel/studio/7.0/toolchain/avr8/avr8-gnu-toolchain/bin/../lib/gcc/avr/5.4.0/../../../../avr/lib/avr5\libc.a(puts.o)
                0x0000431a                puts
 .text.avr-libc
                0x0000437a       0xbc c:/program files (x86)/atmel/studio/7.0/toolchain/avr8/avr8-gnu-toolchain/bin/../lib/gcc/avr/5.4.0/../../../../avr/lib/avr5\libc.a(ultoa_invert.o)
                0x0000437a                __ultoa_invert
                0x00004436                . = ALIGN (0x2)
 *(.fini9)
 .fini9         0x00004436        0x0 c:/program files (x86)/atmel/studio/7.0/toolchain/avr8/avr8-gnu-toolchain/bin/../lib/gcc/avr/5.4.0/avr5\libgcc.a(_exit.o)
                0x00004436                _exit
                0x00004436                exit
 *(.fini9)
 *(.fini8)
 *(.fini8)
 *(.fini7)
 *(.fini7)
 *(.fini6)
 *(.fini6)
 *(.fini5)
 *(.fini5)
 *(.fini4)
 *(.fini4)
 *(.fini3)
 *(.fini3)
 *(.fini2)
 *(.fini2)
 *(.fini1)
 *(.fini1)
 *(.fini0)
 .fini0         0x00004436        0x4 c:/program files (x86)/atmel/studio/7.0/toolchain/avr8/avr8-gnu-toolchain/bin/../lib/gcc/avr/5.4.0/avr5\libgcc.a(_exit.o)
 *(.fini0)
                0x0000443a                _etext = .

.data           0x00800100       0x48 load address 0x0000443a
                0x00800100                PROVIDE (__data_start, .)
 *(.data)
 .data          0x00800100        0x4 ../../../../../CEENbot_Library\libcapi324v22x.a(ATTINY_get_IR_state.o)
 .data          0x00800104        0xe ../../../../../CEENbot_Library\libcapi324v22x.a(LCD_globals.o)
                0x00800104                LCD_stdout
 .data          0x00800112        0x8 ../../../../../CEENbot_Library\libcapi324v22x.a(STEPPER_globals.o)
                0x00800112                Motor_L_LUT
                0x00800116                Motor_R_LUT
 .data          0x0080011a        0x6 c:/program files (x86)/atmel/studio/7.0/toolchain/avr8/avr8-gnu-toolchain/bin/../lib/gcc/avr/5.4.0/../../../../avr/lib/avr5\libc.a(malloc.o)
                0x0080011a                __malloc_heap_end
                0x0080011c                __malloc_heap_start
                0x0080011e                __malloc_margin
 *(.data*)
 *(.gnu.linkonce.d*)
 *(.rodata)
 *(.rodata*)
 .rodata.str1.1
                0x00800120       0x28 LightFollow.o
 *(.gnu.linkonce.r*)
                0x00800148                . = ALIGN (0x2)
                0x00800148                _edata = .
                0x00800148                PROVIDE (__data_end, .)

.bss            0x00800148      0x112
                0x00800148                PROVIDE (__bss_start, .)
 *(.bss)
 .bss           0x00800148        0x2 ../../../../../CEENbot_Library\libcapi324v22x.a(STEPPER_step.o)
 .bss           0x0080014a        0x2 ../../../../../CEENbot_Library\libcapi324v22x.a(STEPPER_step2.o)
 .bss           0x0080014c        0xb ../../../../../CEENbot_Library\libcapi324v22x.a(ATTINY_get_IR_state.o)
 .bss           0x00800157       0x40 ../../../../../CEENbot_Library\libcapi324v22x.a(ISR_globals.o)
                0x00800157                CBOT_ISR_vtable
 .bss           0x00800197       0x10 ../../../../../CEENbot_Library\libcapi324v22x.a(SPI_globals.o)
                0x00800197                spi_config_func_LUT
 .bss           0x008001a7       0x10 ../../../../../CEENbot_Library\libcapi324v22x.a(SPKR_globals.o)
                0x008001a7                tone_mode_active
                0x008001a8                beep_mode_active
                0x008001a9                spkr_accum32
                0x008001ad                spkr_freq
                0x008001b1                beep_accum16
                0x008001b3                beep_freq
                0x008001b5                p_Freq_LUT
 .bss           0x008001b7        0x2 ../../../../../CEENbot_Library\libcapi324v22x.a(TMRSRVC_globals.o)
                0x008001b7                timer_busy_status
                0x008001b8                timer_run_status
 .bss           0x008001b9        0x1 ../../../../../CEENbot_Library\libcapi324v22x.a(STEPPER_process_run_mode.o)
 .bss           0x008001ba        0x4 ../../../../../CEENbot_Library\libcapi324v22x.a(STEPPER_process_pwm.o)
 *(.bss*)
 .bss.previous_action.3767
                0x008001be        0x9 LightFollow.o
 .bss.sense_timer.3756
                0x008001c7        0x9 LightFollow.o
 .bss.timer_started.3755
                0x008001d0        0x1 LightFollow.o
 .bss.previous_state.3740
                0x008001d1        0x1 LightFollow.o
 *(COMMON)
 COMMON         0x008001d2        0x9 LightFollow.o
                0x008001d2                action
 COMMON         0x008001db       0x15 ../../../../../CEENbot_Library\libcapi324v22x.a(SYS_globals.o)
                0x008001db                CBOT_SYSTEM_refcount
 COMMON         0x008001f0        0x5 ../../../../../CEENbot_Library\libcapi324v22x.a(LCD_globals.o)
                0x008001f0                LCD_params
 COMMON         0x008001f5        0x1 ../../../../../CEENbot_Library\libcapi324v22x.a(SPI_globals.o)
                0x008001f5                curr_spi_addr
 COMMON         0x008001f6       0x39 ../../../../../CEENbot_Library\libcapi324v22x.a(STEPPER_globals.o)
                0x008001f6                STEPPER_params
                0x0080022d                step_done
 COMMON         0x0080022f       0x1e ../../../../../CEENbot_Library\libcapi324v22x.a(ATTINY_globals.o)
                0x0080022f                ATTINY_params
 COMMON         0x0080024d        0x3 ../../../../../CEENbot_Library\libcapi324v22x.a(TMRSRVC_globals.o)
                0x0080024d                tmrNodes
 COMMON         0x00800250        0x4 c:/program files (x86)/atmel/studio/7.0/toolchain/avr8/avr8-gnu-toolchain/bin/../lib/gcc/avr/5.4.0/../../../../avr/lib/avr5\libc.a(malloc.o)
                0x00800250                __brkval
                0x00800252                __flp
 COMMON         0x00800254        0x6 c:/program files (x86)/atmel/studio/7.0/toolchain/avr8/avr8-gnu-toolchain/bin/../lib/gcc/avr/5.4.0/../../../../avr/lib/avr5\libc.a(iob.o)
                0x00800254                __iob
                0x0080025a                PROVIDE (__bss_end, .)
                0x0000443a                __data_load_start = LOADADDR (.data)
                0x00004482                __data_load_end = (__data_load_start + SIZEOF (.data))

.noinit         0x0080025a        0x0
                [!provide]                PROVIDE (__noinit_start, .)
 *(.noinit*)
                [!provide]                PROVIDE (__noinit_end, .)
                0x0080025a                _end = .
                0x0080025a                PROVIDE (__heap_start, .)

.eeprom         0x00810000        0x0
 *(.eeprom*)
                0x00810000                __eeprom_end = .

.fuse
 *(.fuse)
 *(.lfuse)
 *(.hfuse)
 *(.efuse)

.lock
 *(.lock*)

.signature
 *(.signature*)

.user_signatures
 *(.user_signatures*)

.stab
 *(.stab)

.stabstr
 *(.stabstr)

.stab.excl
 *(.stab.excl)

.stab.exclstr
 *(.stab.exclstr)

.stab.index
 *(.stab.index)

.stab.indexstr
 *(.stab.indexstr)

.comment        0x00000000       0x5c
 *(.comment)
 .comment       0x00000000       0x30 LightFollow.o
                                 0x31 (size before relaxing)
 .comment       0x00000030       0x2c c:/program files (x86)/atmel/studio/7.0/toolchain/avr8/avr8-gnu-toolchain/bin/../lib/gcc/avr/5.4.0/../../../../avr/lib/avr5\libprintf_flt.a(vfprintf_flt.o)
                                 0x2d (size before relaxing)
 .comment       0x0000005c       0x31 c:/program files (x86)/atmel/studio/7.0/toolchain/avr8/avr8-gnu-toolchain/bin/../lib/gcc/avr/5.4.0/../../../../avr/lib/avr5\libc.a(malloc.o)
 .comment       0x0000005c       0x31 c:/program files (x86)/atmel/studio/7.0/toolchain/avr8/avr8-gnu-toolchain/bin/../lib/gcc/avr/5.4.0/../../../../avr/lib/avr5\libc.a(fputc.o)
 .comment       0x0000005c       0x31 c:/program files (x86)/atmel/studio/7.0/toolchain/avr8/avr8-gnu-toolchain/bin/../lib/gcc/avr/5.4.0/../../../../avr/lib/avr5\libc.a(iob.o)
 .comment       0x0000005c       0x31 c:/program files (x86)/atmel/studio/7.0/toolchain/avr8/avr8-gnu-toolchain/bin/../lib/gcc/avr/5.4.0/../../../../avr/lib/avr5\libc.a(puts.o)

.note.gnu.avr.deviceinfo
                0x00000000       0x40
 .note.gnu.avr.deviceinfo
                0x00000000       0x40 C:/Program Files (x86)/Atmel/Studio/7.0/Packs/atmel/ATmega_DFP/1.2.150/gcc/dev/atmega324p/avr5/crtatmega324p.o

.note.gnu.build-id
 *(.note.gnu.build-id)

.debug
 *(.debug)

.line
 *(.line)

.debug_srcinfo
 *(.debug_srcinfo)

.debug_sfnames
 *(.debug_sfnames)

.debug_aranges  0x00000000       0x50
 *(.debug_aranges)
 .debug_aranges
                0x00000000       0x50 LightFollow.o

.debug_pubnames
 *(.debug_pubnames)

.debug_info     0x00000000      0xdec
 *(.debug_info .gnu.linkonce.wi.*)
 .debug_info    0x00000000      0x6cc C:/Program Files (x86)/Atmel/Studio/7.0/Packs/atmel/ATmega_DFP/1.2.150/gcc/dev/atmega324p/avr5/crtatmega324p.o
 .debug_info    0x000006cc      0x720 LightFollow.o

.debug_abbrev   0x00000000      0x8a8
 *(.debug_abbrev)
 .debug_abbrev  0x00000000      0x66e C:/Program Files (x86)/Atmel/Studio/7.0/Packs/atmel/ATmega_DFP/1.2.150/gcc/dev/atmega324p/avr5/crtatmega324p.o
 .debug_abbrev  0x0000066e      0x23a LightFollow.o

.debug_line     0x00000000      0x42a
 *(.debug_line .debug_line.* .debug_line_end)
 .debug_line    0x00000000      0x151 C:/Program Files (x86)/Atmel/Studio/7.0/Packs/atmel/ATmega_DFP/1.2.150/gcc/dev/atmega324p/avr5/crtatmega324p.o
 .debug_line    0x00000151      0x2d9 LightFollow.o

.debug_frame    0x00000000      0x13c
 *(.debug_frame)
 .debug_frame   0x00000000      0x13c LightFollow.o

.debug_str      0x00000000      0x797
 *(.debug_str)
 .debug_str     0x00000000      0x255 C:/Program Files (x86)/Atmel/Studio/7.0/Packs/atmel/ATmega_DFP/1.2.150/gcc/dev/atmega324p/avr5/crtatmega324p.o
 .debug_str     0x00000255      0x542 LightFollow.o
                                0x58d (size before relaxing)

.debug_loc      0x00000000      0x47f
 *(.debug_loc)
 .debug_loc     0x00000000      0x47f LightFollow.o

.debug_macinfo
 *(.debug_macinfo)

.debug_weaknames
 *(.debug_weaknames)

.debug_funcnames
 *(.debug_funcnames)

.debug_typenames
 *(.debug_typenames)

.debug_varnames
 *(.debug_varnames)

.debug_pubtypes
 *(.debug_pubtypes)

.debug_ranges   0x00000000       0x40
 *(.debug_ranges)
 .debug_ranges  0x00000000       0x40 LightFollow.o

.debug_macro
 *(.debug_macro)
OUTPUT(Mobile Robotics Lab 5.elf elf32-avr)
LOAD linker stubs
